Archive member included because of file (symbol)

c:/nxp/lpcxpresso_7.5.0_254/lpcxpresso/tools/bin/../lib/gcc/arm-none-eabi/4.8.4/../../../../arm-none-eabi/lib/armv6-m\libc.a(lib_a-init.o)
                              ./src/Main.o (__libc_init_array)

Discarded input sections

 .group         0x00000000        0x8 ./src/Main.o
 .text          0x00000000        0x0 ./src/Main.o
 .data          0x00000000        0x0 ./src/Main.o
 .bss           0x00000000        0x0 ./src/Main.o
 .bss._ZN6Kvasir4Core9InterruptL13pinInterrupt0E
                0x00000000        0x4 ./src/Main.o
 .bss._ZN6Kvasir4Core9InterruptL13pinInterrupt1E
                0x00000000        0x4 ./src/Main.o
 .bss._ZN6Kvasir4Core9InterruptL13pinInterrupt2E
                0x00000000        0x4 ./src/Main.o
 .bss._ZN6Kvasir4Core9InterruptL13pinInterrupt3E
                0x00000000        0x4 ./src/Main.o
 .bss._ZN6Kvasir4Core9InterruptL13pinInterrupt4E
                0x00000000        0x4 ./src/Main.o
 .bss._ZN6Kvasir4Core9InterruptL13pinInterrupt5E
                0x00000000        0x4 ./src/Main.o
 .bss._ZN6Kvasir4Core9InterruptL13pinInterrupt6E
                0x00000000        0x4 ./src/Main.o
 .bss._ZN6Kvasir4Core9InterruptL13pinInterrupt7E
                0x00000000        0x4 ./src/Main.o
 .bss._ZN6Kvasir4Core9InterruptL15groupInterrupt0E
                0x00000000        0x4 ./src/Main.o
 .bss._ZN6Kvasir4Core9InterruptL15groupInterrupt1E
                0x00000000        0x4 ./src/Main.o
 .bss._ZN6Kvasir4Core9InterruptL4i2C1E
                0x00000000        0x4 ./src/Main.o
 .bss._ZN6Kvasir4Core9InterruptL8uart1Or4E
                0x00000000        0x4 ./src/Main.o
 .bss._ZN6Kvasir4Core9InterruptL8uart2Or3E
                0x00000000        0x4 ./src/Main.o
 .bss._ZN6Kvasir4Core9InterruptL7sct0Or1E
                0x00000000        0x4 ./src/Main.o
 .bss._ZN6Kvasir4Core9InterruptL4ssp1E
                0x00000000        0x4 ./src/Main.o
 .bss._ZN6Kvasir4Core9InterruptL4i2c0E
                0x00000000        0x4 ./src/Main.o
 .bss._ZN6Kvasir4Core9InterruptL19counterTimer16Bank0E
                0x00000000        0x4 ./src/Main.o
 .bss._ZN6Kvasir4Core9InterruptL19counterTimer16Bank1E
                0x00000000        0x4 ./src/Main.o
 .bss._ZN6Kvasir4Core9InterruptL19counterTimer32Bank0E
                0x00000000        0x4 ./src/Main.o
 .bss._ZN6Kvasir4Core9InterruptL19counterTimer32Bank1E
                0x00000000        0x4 ./src/Main.o
 .bss._ZN6Kvasir4Core9InterruptL4ssp0E
                0x00000000        0x4 ./src/Main.o
 .bss._ZN6Kvasir4Core9InterruptL6usart0E
                0x00000000        0x4 ./src/Main.o
 .bss._ZN6Kvasir4Core9InterruptL6usbIrqE
                0x00000000        0x4 ./src/Main.o
 .bss._ZN6Kvasir4Core9InterruptL6usbFiqE
                0x00000000        0x4 ./src/Main.o
 .bss._ZN6Kvasir4Core9InterruptL4adcAE
                0x00000000        0x4 ./src/Main.o
 .bss._ZN6Kvasir4Core9InterruptL3rtcE
                0x00000000        0x4 ./src/Main.o
 .bss._ZN6Kvasir4Core9InterruptL9bodAndWdtE
                0x00000000        0x4 ./src/Main.o
 .bss._ZN6Kvasir4Core9InterruptL5flashE
                0x00000000        0x4 ./src/Main.o
 .bss._ZN6Kvasir4Core9InterruptL3dmaE
                0x00000000        0x4 ./src/Main.o
 .bss._ZN6Kvasir4Core9InterruptL4adcbE
                0x00000000        0x4 ./src/Main.o
 .bss._ZN6Kvasir4Core9InterruptL9usbWakeupE
                0x00000000        0x4 ./src/Main.o
 .text          0x00000000        0x0 c:/nxp/lpcxpresso_7.5.0_254/lpcxpresso/tools/bin/../lib/gcc/arm-none-eabi/4.8.4/../../../../arm-none-eabi/lib/armv6-m\libc.a(lib_a-init.o)
 .data          0x00000000        0x0 c:/nxp/lpcxpresso_7.5.0_254/lpcxpresso/tools/bin/../lib/gcc/arm-none-eabi/4.8.4/../../../../arm-none-eabi/lib/armv6-m\libc.a(lib_a-init.o)
 .bss           0x00000000        0x0 c:/nxp/lpcxpresso_7.5.0_254/lpcxpresso/tools/bin/../lib/gcc/arm-none-eabi/4.8.4/../../../../arm-none-eabi/lib/armv6-m\libc.a(lib_a-init.o)
 .text          0x00000000        0x0 c:/nxp/lpcxpresso_7.5.0_254/lpcxpresso/tools/bin/../lib/gcc/arm-none-eabi/4.8.4/armv6-m\crti.o
 .data          0x00000000        0x0 c:/nxp/lpcxpresso_7.5.0_254/lpcxpresso/tools/bin/../lib/gcc/arm-none-eabi/4.8.4/armv6-m\crti.o
 .bss           0x00000000        0x0 c:/nxp/lpcxpresso_7.5.0_254/lpcxpresso/tools/bin/../lib/gcc/arm-none-eabi/4.8.4/armv6-m\crti.o
 .text          0x00000000        0x0 c:/nxp/lpcxpresso_7.5.0_254/lpcxpresso/tools/bin/../lib/gcc/arm-none-eabi/4.8.4/armv6-m\crtn.o
 .data          0x00000000        0x0 c:/nxp/lpcxpresso_7.5.0_254/lpcxpresso/tools/bin/../lib/gcc/arm-none-eabi/4.8.4/armv6-m\crtn.o
 .bss           0x00000000        0x0 c:/nxp/lpcxpresso_7.5.0_254/lpcxpresso/tools/bin/../lib/gcc/arm-none-eabi/4.8.4/armv6-m\crtn.o
 .data          0x00000000        0x4 c:/nxp/lpcxpresso_7.5.0_254/lpcxpresso/tools/bin/../lib/gcc/arm-none-eabi/4.8.4/armv6-m\crtbegin.o
 .fini_array    0x00000000        0x4 c:/nxp/lpcxpresso_7.5.0_254/lpcxpresso/tools/bin/../lib/gcc/arm-none-eabi/4.8.4/armv6-m\crtbegin.o
 .text          0x00000000        0x0 c:/nxp/lpcxpresso_7.5.0_254/lpcxpresso/tools/bin/../lib/gcc/arm-none-eabi/4.8.4/armv6-m\crtend.o
 .data          0x00000000        0x0 c:/nxp/lpcxpresso_7.5.0_254/lpcxpresso/tools/bin/../lib/gcc/arm-none-eabi/4.8.4/armv6-m\crtend.o
 .bss           0x00000000        0x0 c:/nxp/lpcxpresso_7.5.0_254/lpcxpresso/tools/bin/../lib/gcc/arm-none-eabi/4.8.4/armv6-m\crtend.o
 .eh_frame      0x00000000        0x4 c:/nxp/lpcxpresso_7.5.0_254/lpcxpresso/tools/bin/../lib/gcc/arm-none-eabi/4.8.4/armv6-m\crtend.o
 .jcr           0x00000000        0x4 c:/nxp/lpcxpresso_7.5.0_254/lpcxpresso/tools/bin/../lib/gcc/arm-none-eabi/4.8.4/armv6-m\crtend.o
 .ARM.attributes
                0x00000000       0x2c c:/nxp/lpcxpresso_7.5.0_254/lpcxpresso/tools/bin/../lib/gcc/arm-none-eabi/4.8.4/armv6-m\crtend.o

Memory Configuration

Name             Origin             Length             Attributes
MFlash256        0x00000000         0x00040000         xr
Ram0_32          0x10000000         0x00008000         xrw
Ram1_2           0x20000000         0x00000800         xrw
Ram2USB_2        0x20004000         0x00000800         xrw
*default*        0x00000000         0xffffffff

Linker script and memory map

LOAD ./src/Main.o
START GROUP
LOAD c:/nxp/lpcxpresso_7.5.0_254/lpcxpresso/tools/bin/../lib/gcc/arm-none-eabi/4.8.4/armv6-m\libgcc.a
LOAD c:/nxp/lpcxpresso_7.5.0_254/lpcxpresso/tools/bin/../lib/gcc/arm-none-eabi/4.8.4/../../../../arm-none-eabi/lib/armv6-m\libc.a
LOAD c:/nxp/lpcxpresso_7.5.0_254/lpcxpresso/tools/bin/../lib/gcc/arm-none-eabi/4.8.4/../../../../arm-none-eabi/lib/armv6-m\libstdc++.a
LOAD c:/nxp/lpcxpresso_7.5.0_254/lpcxpresso/tools/bin/../lib/gcc/arm-none-eabi/4.8.4/../../../../arm-none-eabi/lib/armv6-m\libm.a
LOAD c:/nxp/lpcxpresso_7.5.0_254/lpcxpresso/tools/bin/../lib/gcc/arm-none-eabi/4.8.4/armv6-m\crti.o
LOAD c:/nxp/lpcxpresso_7.5.0_254/lpcxpresso/tools/bin/../lib/gcc/arm-none-eabi/4.8.4/armv6-m\crtn.o
LOAD c:/nxp/lpcxpresso_7.5.0_254/lpcxpresso/tools/bin/../lib/gcc/arm-none-eabi/4.8.4/armv6-m\crtbegin.o
LOAD c:/nxp/lpcxpresso_7.5.0_254/lpcxpresso/tools/bin/../lib/gcc/arm-none-eabi/4.8.4/armv6-m\crtend.o
END GROUP
                0x00040000                __top_MFlash256 = 0x40000
                0x10008000                __top_Ram0_32 = 0x10008000
                0x20000800                __top_Ram1_2 = 0x20000800
                0x20004800                __top_Ram2USB_2 = 0x20004800

.text           0x00000000      0x24c
 FILL mask 0xff
                0x00000000                __vectors_start__ = ABSOLUTE (.)
 *(.isr_vector)
 .isr_vector    0x00000000        0x8 ./src/Main.o
                0x00000000                g_pfnVectors
                0x00000008                . = ALIGN (0x4)
                0x00000008                __section_table_start = .
                0x00000008                __data_section_table = .
                0x00000008        0x4 LONG 0x24c LOADADDR (.data)
                0x0000000c        0x4 LONG 0x10000000 ADDR (.data)
                0x00000010        0x4 LONG 0x0 SIZEOF (.data)
                0x00000014        0x4 LONG 0x24c LOADADDR (.data_RAM2)
                0x00000018        0x4 LONG 0x20000000 ADDR (.data_RAM2)
                0x0000001c        0x4 LONG 0x0 SIZEOF (.data_RAM2)
                0x00000020        0x4 LONG 0x24c LOADADDR (.data_RAM3)
                0x00000024        0x4 LONG 0x20004000 ADDR (.data_RAM3)
                0x00000028        0x4 LONG 0x0 SIZEOF (.data_RAM3)
                0x0000002c                __data_section_table_end = .
                0x0000002c                __bss_section_table = .
                0x0000002c        0x4 LONG 0x10000000 ADDR (.bss)
                0x00000030        0x4 LONG 0x1c SIZEOF (.bss)
                0x00000034        0x4 LONG 0x20000000 ADDR (.bss_RAM2)
                0x00000038        0x4 LONG 0x0 SIZEOF (.bss_RAM2)
                0x0000003c        0x4 LONG 0x20004000 ADDR (.bss_RAM3)
                0x00000040        0x4 LONG 0x0 SIZEOF (.bss_RAM3)
                0x00000044                __bss_section_table_end = .
                0x00000044                __section_table_end = .
 *(.after_vectors*)
 .after_vectors
                0x00000044      0x13c ./src/Main.o
                0x00000044                data_init(unsigned int, unsigned int, unsigned int)
                0x00000084                bss_init(unsigned int, unsigned int)
                0x000000b8                ResetISR
                0x00000150                NMI_Handler()
                0x00000158                HardFault_Handler()
                0x00000160                SVC_Handler()
                0x00000168                PendSV_Handler()
                0x00000170                SysTick_Handler()
                0x00000178                IntDefaultHandler()
 *(.text*)
 .text.main     0x00000180        0x8 ./src/Main.o
                0x00000180                main
 .text.__libc_init_array
                0x00000188       0x48 c:/nxp/lpcxpresso_7.5.0_254/lpcxpresso/tools/bin/../lib/gcc/arm-none-eabi/4.8.4/../../../../arm-none-eabi/lib/armv6-m\libc.a(lib_a-init.o)
                0x00000188                __libc_init_array
 .text          0x000001d0       0x60 c:/nxp/lpcxpresso_7.5.0_254/lpcxpresso/tools/bin/../lib/gcc/arm-none-eabi/4.8.4/armv6-m\crtbegin.o
 *(.rodata .rodata.* .constdata .constdata.*)
                0x00000230                . = ALIGN (0x4)
                0x00000230                . = ALIGN (0x4)
 *(.init)
 .init          0x00000230        0x4 c:/nxp/lpcxpresso_7.5.0_254/lpcxpresso/tools/bin/../lib/gcc/arm-none-eabi/4.8.4/armv6-m\crti.o
                0x00000230                _init
 .init          0x00000234        0x8 c:/nxp/lpcxpresso_7.5.0_254/lpcxpresso/tools/bin/../lib/gcc/arm-none-eabi/4.8.4/armv6-m\crtn.o
                0x0000023c                . = ALIGN (0x4)
                0x0000023c                __preinit_array_start = .
 *(.preinit_array)
                0x0000023c                __preinit_array_end = .
                0x0000023c                . = ALIGN (0x4)
                0x0000023c                __init_array_start = .
 *(SORT(.init_array.*))
 *(.init_array)
 .init_array    0x0000023c        0x4 c:/nxp/lpcxpresso_7.5.0_254/lpcxpresso/tools/bin/../lib/gcc/arm-none-eabi/4.8.4/armv6-m\crtbegin.o
                0x00000240                __init_array_end = .
 *(.fini)
 .fini          0x00000240        0x4 c:/nxp/lpcxpresso_7.5.0_254/lpcxpresso/tools/bin/../lib/gcc/arm-none-eabi/4.8.4/armv6-m\crti.o
                0x00000240                _fini
 .fini          0x00000244        0x8 c:/nxp/lpcxpresso_7.5.0_254/lpcxpresso/tools/bin/../lib/gcc/arm-none-eabi/4.8.4/armv6-m\crtn.o
                0x0000024c                . = ALIGN (0x4)
 *crtbegin.o(.ctors)
 *(EXCLUDE_FILE(*crtend.o) .ctors)
 *(SORT(.ctors.*))
 *crtend.o(.ctors)
                0x0000024c                . = ALIGN (0x4)
 *crtbegin.o(.dtors)
 *(EXCLUDE_FILE(*crtend.o) .dtors)
 *(SORT(.dtors.*))
 *crtend.o(.dtors)
                0x0000024c                . = ALIGN (0x4)

.glue_7         0x0000024c        0x0
 .glue_7        0x00000000        0x0 linker stubs

.glue_7t        0x0000024c        0x0
 .glue_7t       0x00000000        0x0 linker stubs

.vfp11_veneer   0x0000024c        0x0
 .vfp11_veneer  0x00000000        0x0 linker stubs

.v4_bx          0x0000024c        0x0
 .v4_bx         0x00000000        0x0 linker stubs

.iplt           0x0000024c        0x0
 .iplt          0x00000000        0x0 ./src/Main.o

.rel.dyn        0x0000024c        0x0
 .rel.iplt      0x00000000        0x0 ./src/Main.o

.eh_frame       0x0000024c        0x0
 .eh_frame      0x0000024c        0x0 c:/nxp/lpcxpresso_7.5.0_254/lpcxpresso/tools/bin/../lib/gcc/arm-none-eabi/4.8.4/armv6-m\crtbegin.o

.ARM.extab
 *(.ARM.extab* .gnu.linkonce.armextab.*)
                0x0000024c                __exidx_start = .

.ARM.exidx
 *(.ARM.exidx* .gnu.linkonce.armexidx.*)
                0x0000024c                __exidx_end = .
                0x0000024c                _etext = .

.mtb_buffer_RAM2
 *(.mtb.$RAM2*)
 *(.mtb.$RAM1_2*)

.data_RAM2      0x20000000        0x0 load address 0x0000024c
 FILL mask 0xff
 *(.ramfunc.$RAM2)
 *(.ramfunc.$Ram1_2)
 *(.data.$RAM2*)
 *(.data.$Ram1_2*)
                0x20000000                . = ALIGN (0x4)

.mtb_buffer_RAM3
 *(.mtb.$RAM3*)
 *(.mtb.$RAM2USB_2*)

.data_RAM3      0x20004000        0x0 load address 0x0000024c
 FILL mask 0xff
 *(.ramfunc.$RAM3)
 *(.ramfunc.$Ram2USB_2)
 *(.data.$RAM3*)
 *(.data.$Ram2USB_2*)
                0x20004000                . = ALIGN (0x4)

.mtb_buffer_default
 *(.mtb*)

.uninit_RESERVED
                0x10000000        0x0
 *(.bss.$RESERVED*)
                0x10000000                . = ALIGN (0x4)
                0x10000000                _end_uninit_RESERVED = .

.data           0x10000000        0x0 load address 0x0000024c
 FILL mask 0xff
                0x10000000                _data = .
 *(vtable)
 *(.ramfunc*)
 *(.data*)
                0x10000000                . = ALIGN (0x4)
                0x10000000                _edata = .

.igot.plt       0x10000000        0x0 load address 0x0000024c
 .igot.plt      0x00000000        0x0 ./src/Main.o

.jcr            0x10000000        0x0 load address 0x0000024c
 .jcr           0x10000000        0x0 c:/nxp/lpcxpresso_7.5.0_254/lpcxpresso/tools/bin/../lib/gcc/arm-none-eabi/4.8.4/armv6-m\crtbegin.o

.bss_RAM2       0x20000000        0x0
 *(.bss.$RAM2*)
 *(.bss.$Ram1_2*)
                0x20000000                . = ALIGN (0x4)

.bss_RAM3       0x20004000        0x0
 *(.bss.$RAM3*)
 *(.bss.$Ram2USB_2*)
                0x20004000                . = ALIGN (0x4)

.bss            0x10000000       0x1c
                0x10000000                _bss = .
 *(.bss*)
 .bss           0x10000000       0x1c c:/nxp/lpcxpresso_7.5.0_254/lpcxpresso/tools/bin/../lib/gcc/arm-none-eabi/4.8.4/armv6-m\crtbegin.o
 *(COMMON)
                0x1000001c                . = ALIGN (0x4)
                0x1000001c                _ebss = .
                0x1000001c                PROVIDE (end, .)

.noinit_RAM2    0x20000000        0x0
 *(.noinit.$RAM2*)
 *(.noinit.$Ram1_2*)
                0x20000000                . = ALIGN (0x4)

.noinit_RAM3    0x20004000        0x0
 *(.noinit.$RAM3*)
 *(.noinit.$Ram2USB_2*)
                0x20004000                . = ALIGN (0x4)

.noinit         0x1000001c        0x0
                0x1000001c                _noinit = .
 *(.noinit*)
                0x1000001c                . = ALIGN (0x4)
                0x1000001c                _end_noinit = .
                0x1000001c                PROVIDE (_pvHeapStart, DEFINED (__user_heap_base)?__user_heap_base:.)
                0x10008000                PROVIDE (_vStackTop, DEFINED (__user_stack_top)?__user_stack_top:(__top_Ram0_32 - 0x0))
OUTPUT(BlinkyDemo.axf elf32-littlearm)

.debug_info     0x00000000      0xcb9
 .debug_info    0x00000000      0xcb9 ./src/Main.o

.debug_abbrev   0x00000000      0x1c9
 .debug_abbrev  0x00000000      0x1c9 ./src/Main.o

.debug_aranges  0x00000000       0x68
 .debug_aranges
                0x00000000       0x68 ./src/Main.o

.debug_ranges   0x00000000       0x58
 .debug_ranges  0x00000000       0x58 ./src/Main.o

.debug_macro    0x00000000      0x875
 .debug_macro   0x00000000       0x37 ./src/Main.o
 .debug_macro   0x00000037      0x83e ./src/Main.o

.debug_line     0x00000000      0x17c
 .debug_line    0x00000000      0x17c ./src/Main.o

.debug_str      0x00000000     0x2a12
 .debug_str     0x00000000     0x2a12 ./src/Main.o
                               0x2a25 (size before relaxing)

.comment        0x00000000       0x70
 .comment       0x00000000       0x70 ./src/Main.o
                                 0x71 (size before relaxing)

.ARM.attributes
                0x00000000       0x31
 .ARM.attributes
                0x00000000       0x31 ./src/Main.o
 .ARM.attributes
                0x00000031       0x2c c:/nxp/lpcxpresso_7.5.0_254/lpcxpresso/tools/bin/../lib/gcc/arm-none-eabi/4.8.4/../../../../arm-none-eabi/lib/armv6-m\libc.a(lib_a-init.o)
 .ARM.attributes
                0x0000005d       0x1e c:/nxp/lpcxpresso_7.5.0_254/lpcxpresso/tools/bin/../lib/gcc/arm-none-eabi/4.8.4/armv6-m\crti.o
 .ARM.attributes
                0x0000007b       0x1e c:/nxp/lpcxpresso_7.5.0_254/lpcxpresso/tools/bin/../lib/gcc/arm-none-eabi/4.8.4/armv6-m\crtn.o
 .ARM.attributes
                0x00000099       0x2c c:/nxp/lpcxpresso_7.5.0_254/lpcxpresso/tools/bin/../lib/gcc/arm-none-eabi/4.8.4/armv6-m\crtbegin.o

.debug_frame    0x00000000      0x160
 .debug_frame   0x00000000      0x134 ./src/Main.o
 .debug_frame   0x00000134       0x2c c:/nxp/lpcxpresso_7.5.0_254/lpcxpresso/tools/bin/../lib/gcc/arm-none-eabi/4.8.4/../../../../arm-none-eabi/lib/armv6-m\libc.a(lib_a-init.o)
